[www.thewinningedgepodcast.com/index.html]
[backblue.gif]
[fade.gif]
[index.html]
[www.thewinningedgepodcast.com/images/winningEdgeTrans.png]
[www.thewinningedgepodcast.com/css/vendors/aos.css]
[www.thewinningedgepodcast.com/css/vendors/swiper-bundle.min.css]
[www.thewinningedgepodcast.com/style.css]
[www.thewinningedgepodcast.com/index-2.html]
[www.thewinningedgepodcast.com/images/trophyBack.png]
[www.thewinningedgepodcast.com/images/VolleyballPink.png]
[www.thewinningedgepodcast.com/images/ttgrey.png]
[www.thewinningedgepodcast.com/images/footballpurpleish.png]
[www.thewinningedgepodcast.com/images/fencingpink.png]
[www.thewinningedgepodcast.com/images/TennisYellow.png]
[www.thewinningedgepodcast.com/images/cricketgreen.png]
[www.thewinningedgepodcast.com/images/trackyellow.png]
[www.thewinningedgepodcast.com/images/waterpoloblue.png]
[www.thewinningedgepodcast.com/images/sailingblue.png]
[www.thewinningedgepodcast.com/images/gymnasticsbrown.png]
[www.thewinningedgepodcast.com/images/baseballbrown.png]
[www.thewinningedgepodcast.com/images/soccerbettergreen.png]
[www.thewinningedgepodcast.com/images/skatingred.png]
[www.thewinningedgepodcast.com/images/basketballorange.png]
[www.thewinningedgepodcast.com/images/badmintonwhite.png]
[www.thewinningedgepodcast.com/images/triathlonblue.png]
[www.thewinningedgepodcast.com/images/GolfGreen.png]
[www.thewinningedgepodcast.com/images/applePodcast.png]
[www.thewinningedgepodcast.com/images/spotifylogo.png]
[www.thewinningedgepodcast.com/images/Amazon-Music-Logo.webp]
[www.thewinningedgepodcast.com/images/youtube.jpeg]
[www.thewinningedgepodcast.com/images/podcastindex.png]
[www.thewinningedgepodcast.com/images/team.png]
[www.thewinningedgepodcast.com/js/vendors/alpinejs.min.js]
[www.thewinningedgepodcast.com/js/vendors/aos.js]
[www.thewinningedgepodcast.com/js/vendors/swiper-bundle.min.js]
[www.thewinningedgepodcast.com/js/main.js]
[www.thewinningedgepodcast.com/index.html]
[www.thewinningedgepodcast.com/css/vendors/aos.css]
[www.thewinningedgepodcast.com/css/vendors/swiper-bundle.min.css]
[www.thewinningedgepodcast.com/fonts/CabinetGrotesk-Bold.woff2]
[www.thewinningedgepodcast.com/fonts/CabinetGrotesk-Bold.woff]
[www.thewinningedgepodcast.com/fonts/CabinetGrotesk-Extrabold.woff2]
[www.thewinningedgepodcast.com/fonts/CabinetGrotesk-Extrabold.woff]
[www.thewinningedgepodcast.com/fonts/CabinetGrotesk-Medium.woff2]
[www.thewinningedgepodcast.com/fonts/CabinetGrotesk-Medium.woff]
[www.thewinningedgepodcast.com/style.css]
[www.thewinningedgepodcast.com/index-2.html]
[www.thewinningedgepodcast.com/images/play-02.svg]
